ok  	github.com/number571/go-peer/cmd/hidden_lake/adapters/common	0.026s	coverage: [no statements]
ok  	github.com/number571/go-peer/cmd/hidden_lake/adapters/common/recv	0.044s	coverage: 3.7% of statements
ok  	github.com/number571/go-peer/cmd/hidden_lake/adapters/common/send	0.031s	coverage: 0.0% of statements
ok  	github.com/number571/go-peer/cmd/hidden_lake/adapters/common/service	0.039s	coverage: 4.3% of statements
ok  	github.com/number571/go-peer/cmd/hidden_lake/messenger/cmd/hlm	0.066s	coverage: 0.0% of statements
ok  	github.com/number571/go-peer/cmd/hidden_lake/messenger/internal/app	0.049s	coverage: 0.0% of statements
ok  	github.com/number571/go-peer/cmd/hidden_lake/messenger/internal/app/state	0.057s	coverage: 0.0% of statements
ok  	github.com/number571/go-peer/cmd/hidden_lake/messenger/internal/chat_queue	0.058s	coverage: 0.0% of statements
ok  	github.com/number571/go-peer/cmd/hidden_lake/messenger/internal/config	0.061s	coverage: 67.5% of statements
ok  	github.com/number571/go-peer/cmd/hidden_lake/messenger/internal/database	0.066s	coverage: 0.0% of statements
ok  	github.com/number571/go-peer/cmd/hidden_lake/messenger/internal/handler	0.042s	coverage: 0.0% of statements
ok  	github.com/number571/go-peer/cmd/hidden_lake/messenger/internal/settings	0.033s	coverage: [no statements]
ok  	github.com/number571/go-peer/cmd/hidden_lake/messenger/web	0.036s	coverage: 0.0% of statements
ok  	github.com/number571/go-peer/cmd/hidden_lake/service/cmd/hls	0.038s	coverage: 0.0% of statements
?   	github.com/number571/go-peer/pkg/wrapper	[no test files]
ok  	github.com/number571/go-peer/cmd/hidden_lake/service/internal/app	6.160s	coverage: 75.4% of statements
ok  	github.com/number571/go-peer/cmd/hidden_lake/service/internal/config	0.033s	coverage: 55.6% of statements
ok  	github.com/number571/go-peer/cmd/hidden_lake/service/internal/handler	6.605s	coverage: 65.1% of statements
ok  	github.com/number571/go-peer/cmd/hidden_lake/service/pkg/client	0.041s	coverage: 0.0% of statements
ok  	github.com/number571/go-peer/cmd/hidden_lake/service/pkg/request	0.039s	coverage: 100.0% of statements
ok  	github.com/number571/go-peer/cmd/hidden_lake/service/pkg/settings	0.040s	coverage: 0.0% of statements
ok  	github.com/number571/go-peer/cmd/hidden_lake/traffic/cmd/hlt	0.035s	coverage: 0.0% of statements
ok  	github.com/number571/go-peer/cmd/hidden_lake/traffic/internal/app	6.119s	coverage: 56.7% of statements
ok  	github.com/number571/go-peer/cmd/hidden_lake/traffic/internal/config	0.032s	coverage: 75.7% of statements
ok  	github.com/number571/go-peer/cmd/hidden_lake/traffic/internal/database	0.640s	coverage: 68.0% of statements
ok  	github.com/number571/go-peer/cmd/hidden_lake/traffic/internal/handler	1.391s	coverage: 62.8% of statements
ok  	github.com/number571/go-peer/cmd/hidden_lake/traffic/pkg/client	0.033s	coverage: 0.0% of statements
ok  	github.com/number571/go-peer/cmd/hidden_lake/traffic/pkg/settings	0.033s	coverage: [no statements]
ok  	github.com/number571/go-peer/cmd/union_blockchain	0.043s	coverage: 0.0% of statements
ok  	github.com/number571/go-peer/cmd/union_blockchain/kernel	0.030s	coverage: [no statements]
ok  	github.com/number571/go-peer/cmd/union_blockchain/kernel/block	0.423s	coverage: 71.4% of statements
ok  	github.com/number571/go-peer/cmd/union_blockchain/kernel/chain	7.529s	coverage: 79.7% of statements
ok  	github.com/number571/go-peer/cmd/union_blockchain/kernel/mempool	0.315s	coverage: 73.9% of statements
ok  	github.com/number571/go-peer/cmd/union_blockchain/kernel/transaction	0.042s	coverage: 68.6% of statements
ok  	github.com/number571/go-peer/internal/api	0.030s	coverage: 0.0% of statements
ok  	github.com/number571/go-peer/internal/logger	0.031s	coverage: 88.9% of statements
ok  	github.com/number571/go-peer/internal/pprof	0.032s	coverage: 0.0% of statements
ok  	github.com/number571/go-peer/pkg/client	0.750s	coverage: 73.6% of statements
ok  	github.com/number571/go-peer/pkg/client/message	0.092s	coverage: 78.8% of statements
ok  	github.com/number571/go-peer/pkg/client/queue	6.753s	coverage: 90.0% of statements
ok  	github.com/number571/go-peer/pkg/crypto	0.039s	coverage: [no statements]
ok  	github.com/number571/go-peer/pkg/crypto/asymmetric	0.212s	coverage: 84.9% of statements
ok  	github.com/number571/go-peer/pkg/crypto/entropy	0.048s	coverage: 100.0% of statements
ok  	github.com/number571/go-peer/pkg/crypto/hashing	0.038s	coverage: 85.7% of statements
ok  	github.com/number571/go-peer/pkg/crypto/puzzle	0.039s	coverage: 94.7% of statements
ok  	github.com/number571/go-peer/pkg/crypto/random	0.029s	coverage: 81.8% of statements
ok  	github.com/number571/go-peer/pkg/crypto/symmetric	0.032s	coverage: 72.0% of statements
ok  	github.com/number571/go-peer/pkg/encoding	0.028s	coverage: 83.3% of statements
ok  	github.com/number571/go-peer/pkg/filesystem	0.028s	coverage: 100.0% of statements
ok  	github.com/number571/go-peer/pkg/logger	0.078s	coverage: 84.6% of statements
ok  	github.com/number571/go-peer/pkg/network	9.605s	coverage: 91.5% of statements
ok  	github.com/number571/go-peer/pkg/network/anonymity	15.630s	coverage: 80.5% of statements
ok  	github.com/number571/go-peer/pkg/network/anonymity/logger	0.041s	coverage: 92.3% of statements
ok  	github.com/number571/go-peer/pkg/network/conn	0.051s	coverage: 85.1% of statements
ok  	github.com/number571/go-peer/pkg/network/conn_keeper	1.069s	coverage: 100.0% of statements
ok  	github.com/number571/go-peer/pkg/network/message	0.068s	coverage: 77.8% of statements
ok  	github.com/number571/go-peer/pkg/payload	0.044s	coverage: 90.0% of statements
ok  	github.com/number571/go-peer/pkg/storage	0.107s	coverage: 84.8% of statements
ok  	github.com/number571/go-peer/pkg/storage/database	0.318s	coverage: 94.5% of statements
ok  	github.com/number571/go-peer/pkg/types	0.073s	coverage: 100.0% of statements
